<?xml version="1.0" encoding="utf-8"?><testsuites><testsuite name="pytest" errors="0" failures="0" skipped="0" tests="4" time="1.057" timestamp="2023-08-27T23:32:38.254714" hostname="SuperMario"><testcase classname="tests.api.test_api.TestBatchPipeline" name="test_should_failed_unkown_column_1" time="0.016" /><testcase classname="tests.api.test_api.TestBatchPipeline" name="test_should_failed_unkown_column_2" time="0.004" /><testcase classname="tests.api.test_api.TestBatchPipeline" name="test_should_failed_unkown_column_3" time="0.004" /><testcase classname="tests.api.test_api.TestBatchPipeline" name="test_should_get_predict" time="0.004" /></testsuite></testsuites>